[1/144] business-days | en_human | sample1 -- ok (2.2s, 560 tokens)
[2/144] business-days | en_human | sample2 -- ok (6.7s, 614 tokens)
[3/144] business-days | en_human | sample3 -- ok (7.0s, 589 tokens)
[4/144] business-days | en_human | sample4 -- ok (6.9s, 593 tokens)
[5/144] business-days | en_human | sample5 -- ok (7.1s, 672 tokens)
[6/144] business-days | en_human | sample6 -- ok (6.6s, 577 tokens)
[7/144] business-days | ja_raw | sample1 -- ok (7.4s, 765 tokens)
[8/144] business-days | ja_raw | sample2 -- ok (7.3s, 683 tokens)
[9/144] business-days | ja_raw | sample3 -- ok (8.2s, 920 tokens)
[10/144] business-days | ja_raw | sample4 -- ok (7.6s, 753 tokens)
[11/144] business-days | ja_raw | sample5 -- ok (7.4s, 772 tokens)
[12/144] business-days | ja_raw | sample6 -- ok (7.5s, 787 tokens)
[13/144] business-days | ja_directive | sample1 -- ok (9.7s, 1520 tokens)
[14/144] business-days | ja_directive | sample2 -- ok (12.2s, 2372 tokens)
[15/144] business-days | ja_directive | sample3 -- ok (6.7s, 610 tokens)
[16/144] business-days | ja_directive | sample4 -- ok (7.9s, 858 tokens)
[17/144] business-days | ja_directive | sample5 -- ok (10.3s, 1713 tokens)
[18/144] business-days | ja_directive | sample6 -- ok (8.6s, 1265 tokens)
[19/144] business-days | mt_en | sample1 -- ok (7.3s, 724 tokens)
[20/144] business-days | mt_en | sample2 -- ok (6.7s, 604 tokens)
[21/144] business-days | mt_en | sample3 -- ok (7.5s, 794 tokens)
[22/144] business-days | mt_en | sample4 -- ok (7.4s, 812 tokens)
[23/144] business-days | mt_en | sample5 -- ok (6.7s, 512 tokens)
[24/144] business-days | mt_en | sample6 -- ok (7.0s, 716 tokens)
[25/144] currency-format | en_human | sample1 -- ok (6.3s, 334 tokens)
[26/144] currency-format | en_human | sample2 -- ok (6.5s, 305 tokens)
[27/144] currency-format | en_human | sample3 -- ok (6.0s, 302 tokens)
[28/144] currency-format | en_human | sample4 -- ok (5.9s, 286 tokens)
[29/144] currency-format | en_human | sample5 -- ok (6.3s, 356 tokens)
[30/144] currency-format | en_human | sample6 -- ok (6.3s, 335 tokens)
[31/144] currency-format | ja_raw | sample1 -- ok (6.5s, 444 tokens)
[32/144] currency-format | ja_raw | sample2 -- ok (6.4s, 401 tokens)
[33/144] currency-format | ja_raw | sample3 -- ok (6.3s, 357 tokens)
[34/144] currency-format | ja_raw | sample4 -- ok (6.3s, 381 tokens)
[35/144] currency-format | ja_raw | sample5 -- ok (6.6s, 426 tokens)
[36/144] currency-format | ja_raw | sample6 -- ok (6.4s, 378 tokens)
[37/144] currency-format | ja_directive | sample1 -- ok (6.6s, 451 tokens)
[38/144] currency-format | ja_directive | sample2 -- ok (8.1s, 990 tokens)
[39/144] currency-format | ja_directive | sample3 -- ok (6.5s, 456 tokens)
[40/144] currency-format | ja_directive | sample4 -- ok (8.0s, 964 tokens)
[41/144] currency-format | ja_directive | sample5 -- ok (6.5s, 434 tokens)
[42/144] currency-format | ja_directive | sample6 -- ok (6.4s, 374 tokens)
[43/144] currency-format | mt_en | sample1 -- ok (6.1s, 297 tokens)
[44/144] currency-format | mt_en | sample2 -- ok (6.5s, 366 tokens)
[45/144] currency-format | mt_en | sample3 -- ok (6.2s, 318 tokens)
[46/144] currency-format | mt_en | sample4 -- ok (6.4s, 418 tokens)
[47/144] currency-format | mt_en | sample5 -- ok (6.0s, 307 tokens)
[48/144] currency-format | mt_en | sample6 -- ok (6.2s, 332 tokens)
[49/144] reverse-list-elements | en_human | sample1 -- ok (6.4s, 425 tokens)
[50/144] reverse-list-elements | en_human | sample2 -- ok (6.5s, 440 tokens)
[51/144] reverse-list-elements | en_human | sample3 -- ok (6.6s, 446 tokens)
[52/144] reverse-list-elements | en_human | sample4 -- ok (6.5s, 419 tokens)
[53/144] reverse-list-elements | en_human | sample5 -- ok (6.9s, 523 tokens)
[54/144] reverse-list-elements | en_human | sample6 -- ok (6.4s, 403 tokens)
[55/144] reverse-list-elements | ja_raw | sample1 -- ok (7.7s, 821 tokens)
[56/144] reverse-list-elements | ja_raw | sample2 -- ok (6.9s, 585 tokens)
[57/144] reverse-list-elements | ja_raw | sample3 -- ok (7.2s, 599 tokens)
[58/144] reverse-list-elements | ja_raw | sample4 -- ok (7.3s, 686 tokens)
[59/144] reverse-list-elements | ja_raw | sample5 -- ok (7.1s, 592 tokens)
[60/144] reverse-list-elements | ja_raw | sample6 -- ok (6.4s, 461 tokens)
[61/144] reverse-list-elements | ja_directive | sample1 -- ok (8.2s, 1072 tokens)
[62/144] reverse-list-elements | ja_directive | sample2 -- ok (8.7s, 1112 tokens)
[63/144] reverse-list-elements | ja_directive | sample3 -- ok (8.8s, 1123 tokens)
[64/144] reverse-list-elements | ja_directive | sample4 -- ok (6.6s, 485 tokens)
[65/144] reverse-list-elements | ja_directive | sample5 -- ok (7.4s, 718 tokens)
[66/144] reverse-list-elements | ja_directive | sample6 -- ok (7.5s, 716 tokens)
[67/144] reverse-list-elements | mt_en | sample1 -- ok (6.6s, 427 tokens)
[68/144] reverse-list-elements | mt_en | sample2 -- ok (6.6s, 535 tokens)
[69/144] reverse-list-elements | mt_en | sample3 -- ok (6.5s, 420 tokens)
[70/144] reverse-list-elements | mt_en | sample4 -- ok (6.2s, 391 tokens)
[71/144] reverse-list-elements | mt_en | sample5 -- ok (6.3s, 372 tokens)
[72/144] reverse-list-elements | mt_en | sample6 -- ok (6.2s, 357 tokens)
[73/144] eval-expression | en_human | sample1 -- ok (8.1s, 1014 tokens)
[74/144] eval-expression | en_human | sample2 -- ok (8.6s, 1276 tokens)
[75/144] eval-expression | en_human | sample3 -- ok (7.9s, 995 tokens)
[76/144] eval-expression | en_human | sample4 -- ok (8.5s, 1250 tokens)
[77/144] eval-expression | en_human | sample5 -- ok (8.9s, 1368 tokens)
[78/144] eval-expression | en_human | sample6 -- ok (8.6s, 1240 tokens)
[79/144] eval-expression | ja_raw | sample1 -- ok (9.7s, 1402 tokens)
[80/144] eval-expression | ja_raw | sample2 -- ok (8.9s, 1105 tokens)
[81/144] eval-expression | ja_raw | sample3 -- ok (8.7s, 1208 tokens)
[82/144] eval-expression | ja_raw | sample4 -- ok (8.6s, 1198 tokens)
[83/144] eval-expression | ja_raw | sample5 -- ok (8.2s, 994 tokens)
[84/144] eval-expression | ja_raw | sample6 -- ok (8.4s, 1100 tokens)
[85/144] eval-expression | ja_directive | sample1 -- ok (11.8s, 2133 tokens)
[86/144] eval-expression | ja_directive | sample2 -- ok (7.7s, 696 tokens)
[87/144] eval-expression | ja_directive | sample3 -- ok (9.0s, 1142 tokens)
[88/144] eval-expression | ja_directive | sample4 -- ok (9.4s, 1393 tokens)
[89/144] eval-expression | ja_directive | sample5 -- ok (9.6s, 1218 tokens)
[90/144] eval-expression | ja_directive | sample6 -- ok (11.8s, 2314 tokens)
[91/144] eval-expression | mt_en | sample1 -- ok (7.9s, 960 tokens)
[92/144] eval-expression | mt_en | sample2 -- ok (8.0s, 961 tokens)
[93/144] eval-expression | mt_en | sample3 -- ok (7.9s, 1028 tokens)
[94/144] eval-expression | mt_en | sample4 -- ok (7.9s, 1035 tokens)
[95/144] eval-expression | mt_en | sample5 -- ok (7.6s, 928 tokens)
[96/144] eval-expression | mt_en | sample6 -- ok (8.2s, 1043 tokens)
[97/144] shortest-path | en_human | sample1 -- ok (7.4s, 935 tokens)
[98/144] shortest-path | en_human | sample2 -- ok (7.0s, 789 tokens)
[99/144] shortest-path | en_human | sample3 -- ok (7.5s, 933 tokens)
[100/144] shortest-path | en_human | sample4 -- ok (8.1s, 1070 tokens)
[101/144] shortest-path | en_human | sample5 -- ok (7.8s, 989 tokens)
[102/144] shortest-path | en_human | sample6 -- ok (7.3s, 813 tokens)
[103/144] shortest-path | ja_raw | sample1 -- ok (7.9s, 1080 tokens)
[104/144] shortest-path | ja_raw | sample2 -- ok (7.7s, 1026 tokens)
[105/144] shortest-path | ja_raw | sample3 -- ok (7.8s, 1067 tokens)
[106/144] shortest-path | ja_raw | sample4 -- ok (7.8s, 1093 tokens)
[107/144] shortest-path | ja_raw | sample5 -- ok (6.9s, 803 tokens)
[108/144] shortest-path | ja_raw | sample6 -- ok (7.7s, 1026 tokens)
[109/144] shortest-path | ja_directive | sample1 -- ok (11.7s, 2475 tokens)
[110/144] shortest-path | ja_directive | sample2 -- ok (11.3s, 2383 tokens)
[111/144] shortest-path | ja_directive | sample3 -- ok (7.8s, 987 tokens)
[112/144] shortest-path | ja_directive | sample4 -- ok (10.6s, 2162 tokens)
[113/144] shortest-path | ja_directive | sample5 -- ok (11.1s, 2241 tokens)
[114/144] shortest-path | ja_directive | sample6 -- ok (8.2s, 1243 tokens)
[115/144] shortest-path | mt_en | sample1 -- ok (8.1s, 1089 tokens)
[116/144] shortest-path | mt_en | sample2 -- ok (7.5s, 908 tokens)
[117/144] shortest-path | mt_en | sample3 -- ok (8.0s, 1046 tokens)
[118/144] shortest-path | mt_en | sample4 -- ok (7.3s, 897 tokens)
[119/144] shortest-path | mt_en | sample5 -- ok (7.0s, 720 tokens)
[120/144] shortest-path | mt_en | sample6 -- ok (7.4s, 938 tokens)
[121/144] bank-rollback | en_human | sample1 -- ok (6.2s, 380 tokens)
[122/144] bank-rollback | en_human | sample2 -- ok (6.1s, 279 tokens)
[123/144] bank-rollback | en_human | sample3 -- ok (6.2s, 353 tokens)
[124/144] bank-rollback | en_human | sample4 -- ok (6.3s, 452 tokens)
[125/144] bank-rollback | en_human | sample5 -- ok (6.1s, 369 tokens)
[126/144] bank-rollback | en_human | sample6 -- ok (6.2s, 412 tokens)
[127/144] bank-rollback | ja_raw | sample1 -- ok (6.8s, 578 tokens)
[128/144] bank-rollback | ja_raw | sample2 -- ok (6.5s, 497 tokens)
[129/144] bank-rollback | ja_raw | sample3 -- ok (6.4s, 512 tokens)
[130/144] bank-rollback | ja_raw | sample4 -- ok (6.8s, 526 tokens)
[131/144] bank-rollback | ja_raw | sample5 -- ok (6.5s, 529 tokens)
[132/144] bank-rollback | ja_raw | sample6 -- ok (6.9s, 678 tokens)
[133/144] bank-rollback | ja_directive | sample1 -- ok (7.9s, 1042 tokens)
[134/144] bank-rollback | ja_directive | sample2 -- ok (8.9s, 1245 tokens)
[135/144] bank-rollback | ja_directive | sample3 -- ok (8.2s, 1152 tokens)
[136/144] bank-rollback | ja_directive | sample4 -- ok (8.7s, 1233 tokens)
[137/144] bank-rollback | ja_directive | sample5 -- ok (8.3s, 1169 tokens)
[138/144] bank-rollback | ja_directive | sample6 -- ok (8.0s, 1105 tokens)
[139/144] bank-rollback | mt_en | sample1 -- ok (6.1s, 315 tokens)
[140/144] bank-rollback | mt_en | sample2 -- ok (6.0s, 303 tokens)
[141/144] bank-rollback | mt_en | sample3 -- ok (6.0s, 347 tokens)
[142/144] bank-rollback | mt_en | sample4 -- ok (5.9s, 330 tokens)
[143/144] bank-rollback | mt_en | sample5 -- ok (6.2s, 411 tokens)
[144/144] bank-rollback | mt_en | sample6 -- ok (6.3s, 381 tokens)

--- run complete ---
total slots:            144
skipped (already done): 0
failed:                 0
