[1/24] business-days | en_human | sample1 -- ok (42.1s, 1562 tokens)
[2/24] business-days | ja_raw | sample1 -- ok (51.0s, 1785 tokens)
[3/24] business-days | ja_directive | sample1 -- ok (54.5s, 1928 tokens)
[4/24] business-days | mt_en | sample1 -- ok (49.3s, 1743 tokens)
[5/24] currency-format | en_human | sample1 -- ok (32.4s, 1078 tokens)
[6/24] currency-format | ja_raw | sample1 -- ok (32.6s, 1099 tokens)
[7/24] currency-format | ja_directive | sample1 -- ok (37.8s, 1296 tokens)
[8/24] currency-format | mt_en | sample1 -- ok (33.0s, 1096 tokens)
[9/24] reverse-list-elements | en_human | sample1 -- ok (36.2s, 1217 tokens)
[10/24] reverse-list-elements | ja_raw | sample1 -- ok (40.9s, 1371 tokens)
[11/24] reverse-list-elements | ja_directive | sample1 -- ok (29.2s, 995 tokens)
[12/24] reverse-list-elements | mt_en | sample1 -- ok (30.3s, 1019 tokens)
[13/24] eval-expression | en_human | sample1 -- ok (61.7s, 2113 tokens)
[14/24] eval-expression | ja_raw | sample1 -- ok (74.7s, 2635 tokens)
[15/24] eval-expression | ja_directive | sample1 -- ok (76.0s, 2651 tokens)
[16/24] eval-expression | mt_en | sample1 -- ok (67.1s, 2350 tokens)
[17/24] shortest-path | en_human | sample1 -- ok (59.2s, 2096 tokens)
[18/24] shortest-path | ja_raw | sample1 -- ok (61.7s, 2212 tokens)
[19/24] shortest-path | ja_directive | sample1 -- ok (77.3s, 2816 tokens)
[20/24] shortest-path | mt_en | sample1 -- ok (60.9s, 2195 tokens)
[21/24] bank-rollback | en_human | sample1 -- ok (29.3s, 1004 tokens)
[22/24] bank-rollback | ja_raw | sample1 -- ok (35.2s, 1239 tokens)
[23/24] bank-rollback | ja_directive | sample1 -- ok (45.1s, 1631 tokens)
[24/24] bank-rollback | mt_en | sample1 -- ok (31.3s, 1079 tokens)

--- run complete ---
total slots:            24
skipped (already done): 0
failed:                 0
