gemma-4-31b-it__bank-rollback__en_human__sample1.json: PASS (4/4)
gemma-4-31b-it__bank-rollback__en_human__sample2.json: PASS (4/4)
gemma-4-31b-it__bank-rollback__en_human__sample3.json: PASS (4/4)
gemma-4-31b-it__bank-rollback__en_human__sample4.json: PASS (4/4)
gemma-4-31b-it__bank-rollback__en_human__sample5.json: PASS (4/4)
gemma-4-31b-it__bank-rollback__en_human__sample6.json: PASS (4/4)
gemma-4-31b-it__bank-rollback__ja_directive__sample1.json: PASS (4/4)
gemma-4-31b-it__bank-rollback__ja_directive__sample2.json: PASS (4/4)
gemma-4-31b-it__bank-rollback__ja_directive__sample3.json: PASS (4/4)
gemma-4-31b-it__bank-rollback__ja_directive__sample4.json: PASS (4/4)
gemma-4-31b-it__bank-rollback__ja_directive__sample5.json: PASS (4/4)
gemma-4-31b-it__bank-rollback__ja_directive__sample6.json: PASS (4/4)
gemma-4-31b-it__bank-rollback__ja_raw__sample1.json: PASS (4/4)
gemma-4-31b-it__bank-rollback__ja_raw__sample2.json: PASS (4/4)
gemma-4-31b-it__bank-rollback__ja_raw__sample3.json: PASS (4/4)
gemma-4-31b-it__bank-rollback__ja_raw__sample4.json: PASS (4/4)
gemma-4-31b-it__bank-rollback__ja_raw__sample5.json: PASS (4/4)
gemma-4-31b-it__bank-rollback__ja_raw__sample6.json: PASS (4/4)
gemma-4-31b-it__bank-rollback__mt_en__sample1.json: PASS (4/4)
gemma-4-31b-it__bank-rollback__mt_en__sample2.json: PASS (4/4)
gemma-4-31b-it__bank-rollback__mt_en__sample3.json: PASS (4/4)
gemma-4-31b-it__bank-rollback__mt_en__sample4.json: PASS (4/4)
gemma-4-31b-it__bank-rollback__mt_en__sample5.json: PASS (4/4)
gemma-4-31b-it__bank-rollback__mt_en__sample6.json: PASS (4/4)
gemma-4-31b-it__business-days__en_human__sample1.json: PASS (4/4)
gemma-4-31b-it__business-days__en_human__sample2.json: PASS (4/4)
gemma-4-31b-it__business-days__en_human__sample3.json: PASS (4/4)
gemma-4-31b-it__business-days__en_human__sample4.json: PASS (4/4)
gemma-4-31b-it__business-days__en_human__sample5.json: PASS (4/4)
gemma-4-31b-it__business-days__en_human__sample6.json: PASS (4/4)
gemma-4-31b-it__business-days__ja_directive__sample1.json: PASS (4/4)
gemma-4-31b-it__business-days__ja_directive__sample2.json: PASS (4/4)
gemma-4-31b-it__business-days__ja_directive__sample3.json: PASS (4/4)
gemma-4-31b-it__business-days__ja_directive__sample4.json: PASS (4/4)
gemma-4-31b-it__business-days__ja_directive__sample5.json: PASS (4/4)
gemma-4-31b-it__business-days__ja_directive__sample6.json: PASS (4/4)
gemma-4-31b-it__business-days__ja_raw__sample1.json: PASS (4/4)
gemma-4-31b-it__business-days__ja_raw__sample2.json: PASS (4/4)
gemma-4-31b-it__business-days__ja_raw__sample3.json: PASS (4/4)
gemma-4-31b-it__business-days__ja_raw__sample4.json: PASS (4/4)
gemma-4-31b-it__business-days__ja_raw__sample5.json: PASS (4/4)
gemma-4-31b-it__business-days__ja_raw__sample6.json: PASS (4/4)
gemma-4-31b-it__business-days__mt_en__sample1.json: PASS (4/4)
gemma-4-31b-it__business-days__mt_en__sample2.json: PASS (4/4)
gemma-4-31b-it__business-days__mt_en__sample3.json: PASS (4/4)
gemma-4-31b-it__business-days__mt_en__sample4.json: PASS (4/4)
gemma-4-31b-it__business-days__mt_en__sample5.json: PASS (4/4)
gemma-4-31b-it__business-days__mt_en__sample6.json: PASS (4/4)
gemma-4-31b-it__currency-format__en_human__sample1.json: PASS (4/4)
gemma-4-31b-it__currency-format__en_human__sample2.json: PASS (4/4)
gemma-4-31b-it__currency-format__en_human__sample3.json: PASS (4/4)
gemma-4-31b-it__currency-format__en_human__sample4.json: PASS (4/4)
gemma-4-31b-it__currency-format__en_human__sample5.json: PASS (4/4)
gemma-4-31b-it__currency-format__en_human__sample6.json: PASS (4/4)
gemma-4-31b-it__currency-format__ja_directive__sample1.json: PASS (4/4)
gemma-4-31b-it__currency-format__ja_directive__sample2.json: PASS (4/4)
gemma-4-31b-it__currency-format__ja_directive__sample3.json: PASS (4/4)
gemma-4-31b-it__currency-format__ja_directive__sample4.json: PASS (4/4)
gemma-4-31b-it__currency-format__ja_directive__sample5.json: PASS (4/4)
gemma-4-31b-it__currency-format__ja_directive__sample6.json: PASS (4/4)
gemma-4-31b-it__currency-format__ja_raw__sample1.json: PASS (4/4)
gemma-4-31b-it__currency-format__ja_raw__sample2.json: PASS (4/4)
gemma-4-31b-it__currency-format__ja_raw__sample3.json: PASS (4/4)
gemma-4-31b-it__currency-format__ja_raw__sample4.json: PASS (4/4)
gemma-4-31b-it__currency-format__ja_raw__sample5.json: PASS (4/4)
gemma-4-31b-it__currency-format__ja_raw__sample6.json: PASS (4/4)
gemma-4-31b-it__currency-format__mt_en__sample1.json: PASS (4/4)
gemma-4-31b-it__currency-format__mt_en__sample2.json: PASS (4/4)
gemma-4-31b-it__currency-format__mt_en__sample3.json: PASS (4/4)
gemma-4-31b-it__currency-format__mt_en__sample4.json: PASS (4/4)
gemma-4-31b-it__currency-format__mt_en__sample5.json: PASS (4/4)
gemma-4-31b-it__currency-format__mt_en__sample6.json: PASS (4/4)
gemma-4-31b-it__eval-expression__en_human__sample1.json: PASS (4/4)
gemma-4-31b-it__eval-expression__en_human__sample2.json: PASS (4/4)
gemma-4-31b-it__eval-expression__en_human__sample3.json: PASS (4/4)
gemma-4-31b-it__eval-expression__en_human__sample4.json: PASS (4/4)
gemma-4-31b-it__eval-expression__en_human__sample5.json: PASS (4/4)
gemma-4-31b-it__eval-expression__en_human__sample6.json: PASS (4/4)
gemma-4-31b-it__eval-expression__ja_directive__sample1.json: PASS (4/4)
gemma-4-31b-it__eval-expression__ja_directive__sample2.json: PASS (4/4)
gemma-4-31b-it__eval-expression__ja_directive__sample3.json: PASS (4/4)
gemma-4-31b-it__eval-expression__ja_directive__sample4.json: PASS (4/4)
gemma-4-31b-it__eval-expression__ja_directive__sample5.json: PASS (4/4)
gemma-4-31b-it__eval-expression__ja_directive__sample6.json: PASS (4/4)
gemma-4-31b-it__eval-expression__ja_raw__sample1.json: PASS (4/4)
gemma-4-31b-it__eval-expression__ja_raw__sample2.json: PASS (4/4)
gemma-4-31b-it__eval-expression__ja_raw__sample3.json: PASS (4/4)
gemma-4-31b-it__eval-expression__ja_raw__sample4.json: PASS (4/4)
gemma-4-31b-it__eval-expression__ja_raw__sample5.json: PASS (4/4)
gemma-4-31b-it__eval-expression__ja_raw__sample6.json: PASS (4/4)
gemma-4-31b-it__eval-expression__mt_en__sample1.json: PASS (4/4)
gemma-4-31b-it__eval-expression__mt_en__sample2.json: PASS (4/4)
gemma-4-31b-it__eval-expression__mt_en__sample3.json: PASS (4/4)
gemma-4-31b-it__eval-expression__mt_en__sample4.json: PASS (4/4)
gemma-4-31b-it__eval-expression__mt_en__sample5.json: PASS (4/4)
gemma-4-31b-it__eval-expression__mt_en__sample6.json: PASS (4/4)
gemma-4-31b-it__reverse-list-elements__en_human__sample1.json: FAIL (3/4)
gemma-4-31b-it__reverse-list-elements__en_human__sample2.json: PASS (4/4)
gemma-4-31b-it__reverse-list-elements__en_human__sample3.json: PASS (4/4)
gemma-4-31b-it__reverse-list-elements__en_human__sample4.json: PASS (4/4)
gemma-4-31b-it__reverse-list-elements__en_human__sample5.json: PASS (4/4)
gemma-4-31b-it__reverse-list-elements__en_human__sample6.json: PASS (4/4)
gemma-4-31b-it__reverse-list-elements__ja_directive__sample1.json: PASS (4/4)
gemma-4-31b-it__reverse-list-elements__ja_directive__sample2.json: PASS (4/4)
gemma-4-31b-it__reverse-list-elements__ja_directive__sample3.json: PASS (4/4)
gemma-4-31b-it__reverse-list-elements__ja_directive__sample4.json: PASS (4/4)
gemma-4-31b-it__reverse-list-elements__ja_directive__sample5.json: PASS (4/4)
gemma-4-31b-it__reverse-list-elements__ja_directive__sample6.json: PASS (4/4)
gemma-4-31b-it__reverse-list-elements__ja_raw__sample1.json: PASS (4/4)
gemma-4-31b-it__reverse-list-elements__ja_raw__sample2.json: PASS (4/4)
gemma-4-31b-it__reverse-list-elements__ja_raw__sample3.json: PASS (4/4)
gemma-4-31b-it__reverse-list-elements__ja_raw__sample4.json: PASS (4/4)
gemma-4-31b-it__reverse-list-elements__ja_raw__sample5.json: FAIL (3/4)
gemma-4-31b-it__reverse-list-elements__ja_raw__sample6.json: PASS (4/4)
gemma-4-31b-it__reverse-list-elements__mt_en__sample1.json: PASS (4/4)
gemma-4-31b-it__reverse-list-elements__mt_en__sample2.json: PASS (4/4)
gemma-4-31b-it__reverse-list-elements__mt_en__sample3.json: PASS (4/4)
gemma-4-31b-it__reverse-list-elements__mt_en__sample4.json: PASS (4/4)
gemma-4-31b-it__reverse-list-elements__mt_en__sample5.json: PASS (4/4)
gemma-4-31b-it__reverse-list-elements__mt_en__sample6.json: PASS (4/4)
gemma-4-31b-it__shortest-path__en_human__sample1.json: PASS (4/4)
gemma-4-31b-it__shortest-path__en_human__sample2.json: PASS (4/4)
gemma-4-31b-it__shortest-path__en_human__sample3.json: PASS (4/4)
gemma-4-31b-it__shortest-path__en_human__sample4.json: PASS (4/4)
gemma-4-31b-it__shortest-path__en_human__sample5.json: PASS (4/4)
gemma-4-31b-it__shortest-path__en_human__sample6.json: PASS (4/4)
gemma-4-31b-it__shortest-path__ja_directive__sample1.json: PASS (4/4)
gemma-4-31b-it__shortest-path__ja_directive__sample2.json: PASS (4/4)
gemma-4-31b-it__shortest-path__ja_directive__sample3.json: PASS (4/4)
gemma-4-31b-it__shortest-path__ja_directive__sample4.json: PASS (4/4)
gemma-4-31b-it__shortest-path__ja_directive__sample5.json: PASS (4/4)
gemma-4-31b-it__shortest-path__ja_directive__sample6.json: PASS (4/4)
gemma-4-31b-it__shortest-path__ja_raw__sample1.json: PASS (4/4)
gemma-4-31b-it__shortest-path__ja_raw__sample2.json: PASS (4/4)
gemma-4-31b-it__shortest-path__ja_raw__sample3.json: PASS (4/4)
gemma-4-31b-it__shortest-path__ja_raw__sample4.json: PASS (4/4)
gemma-4-31b-it__shortest-path__ja_raw__sample5.json: PASS (4/4)
gemma-4-31b-it__shortest-path__ja_raw__sample6.json: PASS (4/4)
gemma-4-31b-it__shortest-path__mt_en__sample1.json: PASS (4/4)
gemma-4-31b-it__shortest-path__mt_en__sample2.json: PASS (4/4)
gemma-4-31b-it__shortest-path__mt_en__sample3.json: PASS (4/4)
gemma-4-31b-it__shortest-path__mt_en__sample4.json: PASS (4/4)
gemma-4-31b-it__shortest-path__mt_en__sample5.json: PASS (4/4)
gemma-4-31b-it__shortest-path__mt_en__sample6.json: PASS (4/4)

graded: 144, already done: 0, errors: 0
