TPD already used today (from existing files): 0
[1/144] business-days | en_human | sample1 -- ok (0.9s, 363 tokens, tpd_left=179637)
  (429 rate limited -- waiting 30s, attempt 1/3)
[2/144] business-days | en_human | sample2 -- ok (33.9s, 391 tokens, tpd_left=179246)
[3/144] business-days | en_human | sample3 -- ok (6.5s, 362 tokens, tpd_left=178884)
[4/144] business-days | en_human | sample4 -- ok (3.4s, 340 tokens, tpd_left=178544)
  (429 rate limited -- waiting 30s, attempt 1/3)
[5/144] business-days | en_human | sample5 -- ok (33.7s, 339 tokens, tpd_left=178205)
[6/144] business-days | en_human | sample6 -- ok (3.4s, 346 tokens, tpd_left=177859)
[7/144] business-days | ja_raw | sample1 -- ok (3.4s, 388 tokens, tpd_left=177471)
[8/144] business-days | ja_raw | sample2 -- ok (3.3s, 338 tokens, tpd_left=177133)
  (429 rate limited -- waiting 30s, attempt 1/3)
[9/144] business-days | ja_raw | sample3 -- ok (33.9s, 424 tokens, tpd_left=176709)
  (429 rate limited -- waiting 30s, attempt 1/3)
[10/144] business-days | ja_raw | sample4 -- ok (33.8s, 360 tokens, tpd_left=176349)
[11/144] business-days | ja_raw | sample5 -- ok (3.5s, 433 tokens, tpd_left=175916)
[12/144] business-days | ja_raw | sample6 -- ok (3.5s, 405 tokens, tpd_left=175511)
  (429 rate limited -- waiting 30s, attempt 1/3)
[13/144] business-days | ja_directive | sample1 -- ok (35.2s, 1133 tokens, tpd_left=174378)
  (429 rate limited -- waiting 30s, attempt 1/3)
[14/144] business-days | ja_directive | sample2 -- ok (34.2s, 624 tokens, tpd_left=173754)
  (429 rate limited -- waiting 30s, attempt 1/3)
[15/144] business-days | ja_directive | sample3 -- ok (34.3s, 638 tokens, tpd_left=173116)
  (429 rate limited -- waiting 30s, attempt 1/3)
[16/144] business-days | ja_directive | sample4 -- ok (35.4s, 1229 tokens, tpd_left=171887)
  (429 rate limited -- waiting 30s, attempt 1/3)
  (429 rate limited -- waiting 60s, attempt 2/3)
[17/144] business-days | ja_directive | sample5 -- ok (95.4s, 949 tokens, tpd_left=170938)
  (429 rate limited -- waiting 30s, attempt 1/3)
[18/144] business-days | ja_directive | sample6 -- ok (35.8s, 1131 tokens, tpd_left=169807)
  (429 rate limited -- waiting 30s, attempt 1/3)
  (429 rate limited -- waiting 60s, attempt 2/3)
[19/144] business-days | mt_en | sample1 -- ok (94.7s, 523 tokens, tpd_left=169284)
  (429 rate limited -- waiting 30s, attempt 1/3)
  (429 rate limited -- waiting 60s, attempt 2/3)
[20/144] business-days | mt_en | sample2 -- ok (94.5s, 359 tokens, tpd_left=168925)
  (429 rate limited -- waiting 30s, attempt 1/3)
[21/144] business-days | mt_en | sample3 -- ok (34.3s, 382 tokens, tpd_left=168543)
[22/144] business-days | mt_en | sample4 -- ok (3.7s, 408 tokens, tpd_left=168135)
  (429 rate limited -- waiting 30s, attempt 1/3)
[23/144] business-days | mt_en | sample5 -- ok (34.2s, 509 tokens, tpd_left=167626)
  (429 rate limited -- waiting 30s, attempt 1/3)
[24/144] business-days | mt_en | sample6 -- ok (34.4s, 552 tokens, tpd_left=167074)
  (429 rate limited -- waiting 30s, attempt 1/3)
[25/144] currency-format | en_human | sample1 -- ok (34.0s, 373 tokens, tpd_left=166701)
  (429 rate limited -- waiting 30s, attempt 1/3)
TPD already used today (from existing files): 13299
[1/144] business-days | en_human | sample1 -- skip (already done)
[2/144] business-days | en_human | sample2 -- skip (already done)
[3/144] business-days | en_human | sample3 -- skip (already done)
[4/144] business-days | en_human | sample4 -- skip (already done)
[5/144] business-days | en_human | sample5 -- skip (already done)
[6/144] business-days | en_human | sample6 -- skip (already done)
[7/144] business-days | ja_raw | sample1 -- skip (already done)
[8/144] business-days | ja_raw | sample2 -- skip (already done)
[9/144] business-days | ja_raw | sample3 -- skip (already done)
[10/144] business-days | ja_raw | sample4 -- skip (already done)
[11/144] business-days | ja_raw | sample5 -- skip (already done)
[12/144] business-days | ja_raw | sample6 -- skip (already done)
[13/144] business-days | ja_directive | sample1 -- skip (already done)
[14/144] business-days | ja_directive | sample2 -- skip (already done)
[15/144] business-days | ja_directive | sample3 -- skip (already done)
[16/144] business-days | ja_directive | sample4 -- skip (already done)
[17/144] business-days | ja_directive | sample5 -- skip (already done)
[18/144] business-days | ja_directive | sample6 -- skip (already done)
[19/144] business-days | mt_en | sample1 -- skip (already done)
[20/144] business-days | mt_en | sample2 -- skip (already done)
[21/144] business-days | mt_en | sample3 -- skip (already done)
[22/144] business-days | mt_en | sample4 -- skip (already done)
[23/144] business-days | mt_en | sample5 -- skip (already done)
[24/144] business-days | mt_en | sample6 -- skip (already done)
[25/144] currency-format | en_human | sample1 -- skip (already done)
[26/144] currency-format | en_human | sample2 -- ok (0.5s, 135 tokens, tpd_left=166566)
[27/144] currency-format | en_human | sample3 -- ok (12.5s, 124 tokens, tpd_left=166442)
[28/144] currency-format | en_human | sample4 -- ok (12.7s, 209 tokens, tpd_left=166233)
[29/144] currency-format | en_human | sample5 -- ok (12.7s, 210 tokens, tpd_left=166023)
[30/144] currency-format | en_human | sample6 -- ok (12.7s, 236 tokens, tpd_left=165787)
[31/144] currency-format | ja_raw | sample1 -- ok (12.5s, 156 tokens, tpd_left=165631)
[32/144] currency-format | ja_raw | sample2 -- ok (12.9s, 336 tokens, tpd_left=165295)
[33/144] currency-format | ja_raw | sample3 -- ok (12.7s, 249 tokens, tpd_left=165046)
[34/144] currency-format | ja_raw | sample4 -- ok (12.5s, 131 tokens, tpd_left=164915)
[35/144] currency-format | ja_raw | sample5 -- ok (12.7s, 276 tokens, tpd_left=164639)
[36/144] currency-format | ja_raw | sample6 -- ok (12.6s, 153 tokens, tpd_left=164486)
[37/144] currency-format | ja_directive | sample1 -- ok (15.0s, 1424 tokens, tpd_left=163062)
  (429 rate limited -- waiting 30s, attempt 1/3)
[38/144] currency-format | ja_directive | sample2 -- ok (46.8s, 2144 tokens, tpd_left=160918)
  (429 rate limited -- waiting 30s, attempt 1/3)
  (429 rate limited -- waiting 60s, attempt 2/3)
[39/144] currency-format | ja_directive | sample3 -- ok (103.5s, 250 tokens, tpd_left=160668)
  (429 rate limited -- waiting 30s, attempt 1/3)
[40/144] currency-format | ja_directive | sample4 -- ok (43.8s, 605 tokens, tpd_left=160063)
  (429 rate limited -- waiting 30s, attempt 1/3)
[41/144] currency-format | ja_directive | sample5 -- ok (44.7s, 1082 tokens, tpd_left=158981)
  (429 rate limited -- waiting 30s, attempt 1/3)
  (429 rate limited -- waiting 60s, attempt 2/3)
  (429 rate limited -- waiting 90s, attempt 3/3)
[42/144] currency-format | ja_directive | sample6 -- FAILED: Exceeded max retries on 429 rate limiting
[43/144] currency-format | mt_en | sample1 -- ok (0.7s, 246 tokens, tpd_left=158735)
[44/144] currency-format | mt_en | sample2 -- ok (12.8s, 310 tokens, tpd_left=158425)
[45/144] currency-format | mt_en | sample3 -- ok (12.6s, 212 tokens, tpd_left=158213)
[46/144] currency-format | mt_en | sample4 -- ok (12.7s, 244 tokens, tpd_left=157969)
[47/144] currency-format | mt_en | sample5 -- ok (12.7s, 233 tokens, tpd_left=157736)
[48/144] currency-format | mt_en | sample6 -- ok (12.7s, 210 tokens, tpd_left=157526)
[49/144] reverse-list-elements | en_human | sample1 -- ok (12.8s, 300 tokens, tpd_left=157226)
[50/144] reverse-list-elements | en_human | sample2 -- ok (12.8s, 274 tokens, tpd_left=156952)
[51/144] reverse-list-elements | en_human | sample3 -- ok (12.7s, 219 tokens, tpd_left=156733)
[52/144] reverse-list-elements | en_human | sample4 -- ok (12.8s, 316 tokens, tpd_left=156417)
[53/144] reverse-list-elements | en_human | sample5 -- ok (12.9s, 327 tokens, tpd_left=156090)
[54/144] reverse-list-elements | en_human | sample6 -- ok (12.7s, 253 tokens, tpd_left=155837)
[55/144] reverse-list-elements | ja_raw | sample1 -- ok (12.8s, 300 tokens, tpd_left=155537)
[56/144] reverse-list-elements | ja_raw | sample2 -- ok (12.5s, 146 tokens, tpd_left=155391)
[57/144] reverse-list-elements | ja_raw | sample3 -- ok (12.6s, 216 tokens, tpd_left=155175)
[58/144] reverse-list-elements | ja_raw | sample4 -- ok (12.7s, 221 tokens, tpd_left=154954)
[59/144] reverse-list-elements | ja_raw | sample5 -- ok (12.6s, 235 tokens, tpd_left=154719)
[60/144] reverse-list-elements | ja_raw | sample6 -- ok (12.6s, 220 tokens, tpd_left=154499)
[61/144] reverse-list-elements | ja_directive | sample1 -- ok (13.1s, 459 tokens, tpd_left=154040)
  (429 rate limited -- waiting 30s, attempt 1/3)
[62/144] reverse-list-elements | ja_directive | sample2 -- ok (43.7s, 612 tokens, tpd_left=153428)
  (429 rate limited -- waiting 30s, attempt 1/3)
[63/144] reverse-list-elements | ja_directive | sample3 -- ok (43.9s, 718 tokens, tpd_left=152710)
[64/144] reverse-list-elements | ja_directive | sample4 -- ok (13.6s, 727 tokens, tpd_left=151983)
  (429 rate limited -- waiting 30s, attempt 1/3)
[65/144] reverse-list-elements | ja_directive | sample5 -- ok (43.5s, 426 tokens, tpd_left=151557)
  (429 rate limited -- waiting 30s, attempt 1/3)
[66/144] reverse-list-elements | ja_directive | sample6 -- ok (43.5s, 499 tokens, tpd_left=151058)
[67/144] reverse-list-elements | mt_en | sample1 -- ok (12.6s, 205 tokens, tpd_left=150853)
[68/144] reverse-list-elements | mt_en | sample2 -- ok (12.6s, 225 tokens, tpd_left=150628)
[69/144] reverse-list-elements | mt_en | sample3 -- ok (12.6s, 209 tokens, tpd_left=150419)
[70/144] reverse-list-elements | mt_en | sample4 -- ok (12.6s, 208 tokens, tpd_left=150211)
[71/144] reverse-list-elements | mt_en | sample5 -- ok (12.6s, 207 tokens, tpd_left=150004)
[72/144] reverse-list-elements | mt_en | sample6 -- ok (12.6s, 207 tokens, tpd_left=149797)
[73/144] eval-expression | en_human | sample1 -- ok (14.4s, 1021 tokens, tpd_left=148776)
  (429 rate limited -- waiting 30s, attempt 1/3)
  (429 rate limited -- waiting 60s, attempt 2/3)
[74/144] eval-expression | en_human | sample2 -- ok (105.8s, 1362 tokens, tpd_left=147414)
  (429 rate limited -- waiting 30s, attempt 1/3)
[75/144] eval-expression | en_human | sample3 -- ok (44.7s, 1062 tokens, tpd_left=146352)
  (429 rate limited -- waiting 30s, attempt 1/3)
[76/144] eval-expression | en_human | sample4 -- ok (45.5s, 1500 tokens, tpd_left=144852)
  (429 rate limited -- waiting 30s, attempt 1/3)
  (429 rate limited -- waiting 60s, attempt 2/3)
  (429 rate limited -- waiting 90s, attempt 3/3)
[77/144] eval-expression | en_human | sample5 -- FAILED: Exceeded max retries on 429 rate limiting
  (429 rate limited -- waiting 30s, attempt 1/3)
  (429 rate limited -- waiting 60s, attempt 2/3)
[78/144] eval-expression | en_human | sample6 -- ok (93.7s, 1377 tokens, tpd_left=143475)
  (429 rate limited -- waiting 30s, attempt 1/3)
[79/144] eval-expression | ja_raw | sample1 -- ok (48.2s, 1435 tokens, tpd_left=142040)
  (429 rate limited -- waiting 30s, attempt 1/3)
  (429 rate limited -- waiting 60s, attempt 2/3)
[80/144] eval-expression | ja_raw | sample2 -- ok (104.7s, 851 tokens, tpd_left=141189)
  (429 rate limited -- waiting 30s, attempt 1/3)
  (429 rate limited -- waiting 60s, attempt 2/3)
[81/144] eval-expression | ja_raw | sample3 -- ok (106.3s, 1698 tokens, tpd_left=139491)
  (429 rate limited -- waiting 30s, attempt 1/3)
  (429 rate limited -- waiting 60s, attempt 2/3)
[82/144] eval-expression | ja_raw | sample4 -- ok (105.1s, 1030 tokens, tpd_left=138461)
  (429 rate limited -- waiting 30s, attempt 1/3)
[83/144] eval-expression | ja_raw | sample5 -- ok (47.1s, 2132 tokens, tpd_left=136329)
  (429 rate limited -- waiting 30s, attempt 1/3)
  (429 rate limited -- waiting 60s, attempt 2/3)
  (429 rate limited -- waiting 90s, attempt 3/3)
[84/144] eval-expression | ja_raw | sample6 -- FAILED: Exceeded max retries on 429 rate limiting
[85/144] eval-expression | ja_directive | sample1 -- ok (4.1s, 1883 tokens, tpd_left=134446)
  (429 rate limited -- waiting 30s, attempt 1/3)
  (429 rate limited -- waiting 60s, attempt 2/3)
  (429 rate limited -- waiting 90s, attempt 3/3)
[86/144] eval-expression | ja_directive | sample2 -- FAILED: Exceeded max retries on 429 rate limiting
[87/144] eval-expression | ja_directive | sample3 -- ok (4.5s, 2139 tokens, tpd_left=132307)
  (429 rate limited -- waiting 30s, attempt 1/3)
[88/144] eval-expression | ja_directive | sample4 -- ok (46.9s, 2139 tokens, tpd_left=130168)
  (429 rate limited -- waiting 30s, attempt 1/3)
  (429 rate limited -- waiting 60s, attempt 2/3)
  (429 rate limited -- waiting 90s, attempt 3/3)
[89/144] eval-expression | ja_directive | sample5 -- FAILED: Exceeded max retries on 429 rate limiting
  (429 rate limited -- waiting 30s, attempt 1/3)
  (429 rate limited -- waiting 60s, attempt 2/3)
  (429 rate limited -- waiting 90s, attempt 3/3)
[90/144] eval-expression | ja_directive | sample6 -- FAILED: Exceeded max retries on 429 rate limiting
[91/144] eval-expression | mt_en | sample1 -- ok (2.7s, 1211 tokens, tpd_left=128957)
  (429 rate limited -- waiting 30s, attempt 1/3)
[92/144] eval-expression | mt_en | sample2 -- ok (44.6s, 1009 tokens, tpd_left=127948)
  (429 rate limited -- waiting 30s, attempt 1/3)
  (429 rate limited -- waiting 60s, attempt 2/3)
[93/144] eval-expression | mt_en | sample3 -- ok (107.0s, 2121 tokens, tpd_left=125827)
  (429 rate limited -- waiting 30s, attempt 1/3)
  (429 rate limited -- waiting 60s, attempt 2/3)
  (429 rate limited -- waiting 90s, attempt 3/3)
[94/144] eval-expression | mt_en | sample4 -- FAILED: Exceeded max retries on 429 rate limiting
  (429 rate limited -- waiting 30s, attempt 1/3)
  (429 rate limited -- waiting 60s, attempt 2/3)
[95/144] eval-expression | mt_en | sample5 -- ok (93.3s, 1130 tokens, tpd_left=124697)
  (429 rate limited -- waiting 30s, attempt 1/3)
[96/144] eval-expression | mt_en | sample6 -- ok (44.6s, 1022 tokens, tpd_left=123675)
  (429 rate limited -- waiting 30s, attempt 1/3)
  (429 rate limited -- waiting 60s, attempt 2/3)
  (429 rate limited -- waiting 90s, attempt 3/3)
[97/144] shortest-path | en_human | sample1 -- FAILED: Exceeded max retries on 429 rate limiting
[98/144] shortest-path | en_human | sample2 -- ok (1.5s, 726 tokens, tpd_left=122949)
  (429 rate limited -- waiting 30s, attempt 1/3)
[99/144] shortest-path | en_human | sample3 -- ok (44.3s, 780 tokens, tpd_left=122169)
  (429 rate limited -- waiting 30s, attempt 1/3)
  (429 rate limited -- waiting 60s, attempt 2/3)
[100/144] shortest-path | en_human | sample4 -- ok (104.3s, 742 tokens, tpd_left=121427)
[101/144] shortest-path | en_human | sample5 -- ok (13.5s, 665 tokens, tpd_left=120762)
  (429 rate limited -- waiting 30s, attempt 1/3)
[102/144] shortest-path | en_human | sample6 -- ok (44.0s, 803 tokens, tpd_left=119959)
  (429 rate limited -- waiting 30s, attempt 1/3)
[103/144] shortest-path | ja_raw | sample1 -- ok (43.6s, 591 tokens, tpd_left=119368)
[104/144] shortest-path | ja_raw | sample2 -- ok (13.7s, 847 tokens, tpd_left=118521)
  (429 rate limited -- waiting 30s, attempt 1/3)
[105/144] shortest-path | ja_raw | sample3 -- ok (43.5s, 544 tokens, tpd_left=117977)
[106/144] shortest-path | ja_raw | sample4 -- ok (13.2s, 600 tokens, tpd_left=117377)
  (429 rate limited -- waiting 30s, attempt 1/3)
[107/144] shortest-path | ja_raw | sample5 -- ok (43.6s, 597 tokens, tpd_left=116780)
[108/144] shortest-path | ja_raw | sample6 -- ok (13.6s, 811 tokens, tpd_left=115969)
  (429 rate limited -- waiting 30s, attempt 1/3)
  (429 rate limited -- waiting 60s, attempt 2/3)
[109/144] shortest-path | ja_directive | sample1 -- ok (105.4s, 1359 tokens, tpd_left=114610)
  (429 rate limited -- waiting 30s, attempt 1/3)
[110/144] shortest-path | ja_directive | sample2 -- ok (46.6s, 2146 tokens, tpd_left=112464)
  (429 rate limited -- waiting 30s, attempt 1/3)
  (429 rate limited -- waiting 60s, attempt 2/3)
  (429 rate limited -- waiting 90s, attempt 3/3)
[111/144] shortest-path | ja_directive | sample3 -- FAILED: Exceeded max retries on 429 rate limiting
[112/144] shortest-path | ja_directive | sample4 -- ok (2.0s, 1007 tokens, tpd_left=111457)
  (429 rate limited -- waiting 30s, attempt 1/3)
  (429 rate limited -- waiting 60s, attempt 2/3)
  (429 rate limited -- waiting 90s, attempt 3/3)
[113/144] shortest-path | ja_directive | sample5 -- FAILED: Exceeded max retries on 429 rate limiting
[114/144] shortest-path | ja_directive | sample6 -- ok (4.4s, 2243 tokens, tpd_left=109214)
  (429 rate limited -- waiting 30s, attempt 1/3)
[115/144] shortest-path | mt_en | sample1 -- ok (43.9s, 763 tokens, tpd_left=108451)
  (429 rate limited -- waiting 30s, attempt 1/3)
[116/144] shortest-path | mt_en | sample2 -- ok (43.9s, 718 tokens, tpd_left=107733)
  (429 rate limited -- waiting 30s, attempt 1/3)
[117/144] shortest-path | mt_en | sample3 -- ok (43.9s, 723 tokens, tpd_left=107010)
[118/144] shortest-path | mt_en | sample4 -- ok (13.8s, 835 tokens, tpd_left=106175)
  (429 rate limited -- waiting 30s, attempt 1/3)
  (429 rate limited -- waiting 60s, attempt 2/3)
[119/144] shortest-path | mt_en | sample5 -- ok (104.3s, 737 tokens, tpd_left=105438)
  (429 rate limited -- waiting 30s, attempt 1/3)
[120/144] shortest-path | mt_en | sample6 -- ok (44.2s, 839 tokens, tpd_left=104599)
  (429 rate limited -- waiting 30s, attempt 1/3)
[121/144] bank-rollback | en_human | sample1 -- ok (43.1s, 298 tokens, tpd_left=104301)
[122/144] bank-rollback | en_human | sample2 -- ok (12.7s, 287 tokens, tpd_left=104014)
[123/144] bank-rollback | en_human | sample3 -- ok (12.6s, 214 tokens, tpd_left=103800)
  (429 rate limited -- waiting 30s, attempt 1/3)
[124/144] bank-rollback | en_human | sample4 -- ok (43.2s, 215 tokens, tpd_left=103585)
[125/144] bank-rollback | en_human | sample5 -- ok (12.8s, 216 tokens, tpd_left=103369)
[126/144] bank-rollback | en_human | sample6 -- ok (12.6s, 224 tokens, tpd_left=103145)
[127/144] bank-rollback | ja_raw | sample1 -- ok (12.7s, 282 tokens, tpd_left=102863)
[128/144] bank-rollback | ja_raw | sample2 -- ok (12.6s, 251 tokens, tpd_left=102612)
[129/144] bank-rollback | ja_raw | sample3 -- ok (13.1s, 268 tokens, tpd_left=102344)
[130/144] bank-rollback | ja_raw | sample4 -- ok (12.5s, 199 tokens, tpd_left=102145)
  (429 rate limited -- waiting 30s, attempt 1/3)
  (429 rate limited -- waiting 60s, attempt 2/3)
[131/144] bank-rollback | ja_raw | sample5 -- ok (103.6s, 213 tokens, tpd_left=101932)
[132/144] bank-rollback | ja_raw | sample6 -- ok (12.5s, 199 tokens, tpd_left=101733)
[133/144] bank-rollback | ja_directive | sample1 -- ok (12.8s, 327 tokens, tpd_left=101406)
[134/144] bank-rollback | ja_directive | sample2 -- ok (13.1s, 534 tokens, tpd_left=100872)
[135/144] bank-rollback | ja_directive | sample3 -- ok (13.4s, 705 tokens, tpd_left=100167)
[136/144] bank-rollback | ja_directive | sample4 -- ok (15.2s, 1013 tokens, tpd_left=99154)
  (429 rate limited -- waiting 30s, attempt 1/3)
  (429 rate limited -- waiting 60s, attempt 2/3)
[137/144] bank-rollback | ja_directive | sample5 -- ok (104.0s, 586 tokens, tpd_left=98568)
[138/144] bank-rollback | ja_directive | sample6 -- ok (14.8s, 811 tokens, tpd_left=97757)
  (429 rate limited -- waiting 30s, attempt 1/3)
[139/144] bank-rollback | mt_en | sample1 -- ok (43.1s, 266 tokens, tpd_left=97491)
[140/144] bank-rollback | mt_en | sample2 -- ok (12.7s, 284 tokens, tpd_left=97207)
[141/144] bank-rollback | mt_en | sample3 -- ok (13.2s, 544 tokens, tpd_left=96663)
[142/144] bank-rollback | mt_en | sample4 -- ok (12.5s, 174 tokens, tpd_left=96489)
[143/144] bank-rollback | mt_en | sample5 -- ok (12.7s, 303 tokens, tpd_left=96186)
[144/144] bank-rollback | mt_en | sample6 -- ok (12.8s, 299 tokens, tpd_left=95887)

--- run complete ---
total slots:            144
skipped (already done): 25
failed:                 10
failed runs:
  [42/144] currency-format | ja_directive | sample6
  [77/144] eval-expression | en_human | sample5
  [84/144] eval-expression | ja_raw | sample6
  [86/144] eval-expression | ja_directive | sample2
  [89/144] eval-expression | ja_directive | sample5
  [90/144] eval-expression | ja_directive | sample6
  [94/144] eval-expression | mt_en | sample4
  [97/144] shortest-path | en_human | sample1
  [111/144] shortest-path | ja_directive | sample3
  [113/144] shortest-path | ja_directive | sample5
TPD already used today (from existing files): 84113
[1/144] business-days | en_human | sample1 -- skip (already done)
[2/144] business-days | en_human | sample2 -- skip (already done)
[3/144] business-days | en_human | sample3 -- skip (already done)
[4/144] business-days | en_human | sample4 -- skip (already done)
[5/144] business-days | en_human | sample5 -- skip (already done)
[6/144] business-days | en_human | sample6 -- skip (already done)
[7/144] business-days | ja_raw | sample1 -- skip (already done)
[8/144] business-days | ja_raw | sample2 -- skip (already done)
[9/144] business-days | ja_raw | sample3 -- skip (already done)
[10/144] business-days | ja_raw | sample4 -- skip (already done)
[11/144] business-days | ja_raw | sample5 -- skip (already done)
[12/144] business-days | ja_raw | sample6 -- skip (already done)
[13/144] business-days | ja_directive | sample1 -- skip (already done)
[14/144] business-days | ja_directive | sample2 -- skip (already done)
[15/144] business-days | ja_directive | sample3 -- skip (already done)
[16/144] business-days | ja_directive | sample4 -- skip (already done)
[17/144] business-days | ja_directive | sample5 -- skip (already done)
[18/144] business-days | ja_directive | sample6 -- skip (already done)
[19/144] business-days | mt_en | sample1 -- skip (already done)
[20/144] business-days | mt_en | sample2 -- skip (already done)
[21/144] business-days | mt_en | sample3 -- skip (already done)
[22/144] business-days | mt_en | sample4 -- skip (already done)
[23/144] business-days | mt_en | sample5 -- skip (already done)
[24/144] business-days | mt_en | sample6 -- skip (already done)
[25/144] currency-format | en_human | sample1 -- skip (already done)
[26/144] currency-format | en_human | sample2 -- skip (already done)
[27/144] currency-format | en_human | sample3 -- skip (already done)
[28/144] currency-format | en_human | sample4 -- skip (already done)
[29/144] currency-format | en_human | sample5 -- skip (already done)
[30/144] currency-format | en_human | sample6 -- skip (already done)
[31/144] currency-format | ja_raw | sample1 -- skip (already done)
[32/144] currency-format | ja_raw | sample2 -- skip (already done)
[33/144] currency-format | ja_raw | sample3 -- skip (already done)
[34/144] currency-format | ja_raw | sample4 -- skip (already done)
[35/144] currency-format | ja_raw | sample5 -- skip (already done)
[36/144] currency-format | ja_raw | sample6 -- skip (already done)
[37/144] currency-format | ja_directive | sample1 -- skip (already done)
[38/144] currency-format | ja_directive | sample2 -- skip (already done)
[39/144] currency-format | ja_directive | sample3 -- skip (already done)
[40/144] currency-format | ja_directive | sample4 -- skip (already done)
[41/144] currency-format | ja_directive | sample5 -- skip (already done)
[42/144] currency-format | ja_directive | sample6 -- ok (4.2s, 2042 tokens, tpd_left=93845)
[43/144] currency-format | mt_en | sample1 -- skip (already done)
[44/144] currency-format | mt_en | sample2 -- skip (already done)
[45/144] currency-format | mt_en | sample3 -- skip (already done)
[46/144] currency-format | mt_en | sample4 -- skip (already done)
[47/144] currency-format | mt_en | sample5 -- skip (already done)
[48/144] currency-format | mt_en | sample6 -- skip (already done)
[49/144] reverse-list-elements | en_human | sample1 -- skip (already done)
[50/144] reverse-list-elements | en_human | sample2 -- skip (already done)
[51/144] reverse-list-elements | en_human | sample3 -- skip (already done)
[52/144] reverse-list-elements | en_human | sample4 -- skip (already done)
[53/144] reverse-list-elements | en_human | sample5 -- skip (already done)
[54/144] reverse-list-elements | en_human | sample6 -- skip (already done)
[55/144] reverse-list-elements | ja_raw | sample1 -- skip (already done)
[56/144] reverse-list-elements | ja_raw | sample2 -- skip (already done)
[57/144] reverse-list-elements | ja_raw | sample3 -- skip (already done)
[58/144] reverse-list-elements | ja_raw | sample4 -- skip (already done)
[59/144] reverse-list-elements | ja_raw | sample5 -- skip (already done)
[60/144] reverse-list-elements | ja_raw | sample6 -- skip (already done)
[61/144] reverse-list-elements | ja_directive | sample1 -- skip (already done)
[62/144] reverse-list-elements | ja_directive | sample2 -- skip (already done)
[63/144] reverse-list-elements | ja_directive | sample3 -- skip (already done)
[64/144] reverse-list-elements | ja_directive | sample4 -- skip (already done)
[65/144] reverse-list-elements | ja_directive | sample5 -- skip (already done)
[66/144] reverse-list-elements | ja_directive | sample6 -- skip (already done)
[67/144] reverse-list-elements | mt_en | sample1 -- skip (already done)
[68/144] reverse-list-elements | mt_en | sample2 -- skip (already done)
[69/144] reverse-list-elements | mt_en | sample3 -- skip (already done)
[70/144] reverse-list-elements | mt_en | sample4 -- skip (already done)
[71/144] reverse-list-elements | mt_en | sample5 -- skip (already done)
[72/144] reverse-list-elements | mt_en | sample6 -- skip (already done)
[73/144] eval-expression | en_human | sample1 -- skip (already done)
[74/144] eval-expression | en_human | sample2 -- skip (already done)
[75/144] eval-expression | en_human | sample3 -- skip (already done)
[76/144] eval-expression | en_human | sample4 -- skip (already done)
  (429 rate limited -- waiting 30s, attempt 1/3)
[77/144] eval-expression | en_human | sample5 -- ok (44.0s, 745 tokens, tpd_left=93100)
[78/144] eval-expression | en_human | sample6 -- skip (already done)
[79/144] eval-expression | ja_raw | sample1 -- skip (already done)
[80/144] eval-expression | ja_raw | sample2 -- skip (already done)
[81/144] eval-expression | ja_raw | sample3 -- skip (already done)
[82/144] eval-expression | ja_raw | sample4 -- skip (already done)
[83/144] eval-expression | ja_raw | sample5 -- skip (already done)
[84/144] eval-expression | ja_raw | sample6 -- ok (15.1s, 973 tokens, tpd_left=92127)
[85/144] eval-expression | ja_directive | sample1 -- skip (already done)
  (429 rate limited -- waiting 30s, attempt 1/3)
  (429 rate limited -- waiting 60s, attempt 2/3)
  (429 rate limited -- waiting 90s, attempt 3/3)
[86/144] eval-expression | ja_directive | sample2 -- FAILED: Exceeded max retries on 429 rate limiting
[87/144] eval-expression | ja_directive | sample3 -- skip (already done)
[88/144] eval-expression | ja_directive | sample4 -- skip (already done)
[89/144] eval-expression | ja_directive | sample5 -- ok (1.8s, 840 tokens, tpd_left=91287)
  (429 rate limited -- waiting 30s, attempt 1/3)
[90/144] eval-expression | ja_directive | sample6 -- ok (46.9s, 2139 tokens, tpd_left=89148)
[91/144] eval-expression | mt_en | sample1 -- skip (already done)
[92/144] eval-expression | mt_en | sample2 -- skip (already done)
[93/144] eval-expression | mt_en | sample3 -- skip (already done)
  (429 rate limited -- waiting 30s, attempt 1/3)
[94/144] eval-expression | mt_en | sample4 -- ok (44.7s, 876 tokens, tpd_left=88272)
[95/144] eval-expression | mt_en | sample5 -- skip (already done)
[96/144] eval-expression | mt_en | sample6 -- skip (already done)
[97/144] shortest-path | en_human | sample1 -- ok (13.5s, 709 tokens, tpd_left=87563)
[98/144] shortest-path | en_human | sample2 -- skip (already done)
[99/144] shortest-path | en_human | sample3 -- skip (already done)
[100/144] shortest-path | en_human | sample4 -- skip (already done)
[101/144] shortest-path | en_human | sample5 -- skip (already done)
[102/144] shortest-path | en_human | sample6 -- skip (already done)
[103/144] shortest-path | ja_raw | sample1 -- skip (already done)
[104/144] shortest-path | ja_raw | sample2 -- skip (already done)
[105/144] shortest-path | ja_raw | sample3 -- skip (already done)
[106/144] shortest-path | ja_raw | sample4 -- skip (already done)
[107/144] shortest-path | ja_raw | sample5 -- skip (already done)
[108/144] shortest-path | ja_raw | sample6 -- skip (already done)
[109/144] shortest-path | ja_directive | sample1 -- skip (already done)
[110/144] shortest-path | ja_directive | sample2 -- skip (already done)
  (429 rate limited -- waiting 30s, attempt 1/3)
  (429 rate limited -- waiting 60s, attempt 2/3)
[111/144] shortest-path | ja_directive | sample3 -- ok (104.6s, 950 tokens, tpd_left=86613)
[112/144] shortest-path | ja_directive | sample4 -- skip (already done)
  (429 rate limited -- waiting 30s, attempt 1/3)
[113/144] shortest-path | ja_directive | sample5 -- ok (46.9s, 2243 tokens, tpd_left=84370)
[114/144] shortest-path | ja_directive | sample6 -- skip (already done)
[115/144] shortest-path | mt_en | sample1 -- skip (already done)
[116/144] shortest-path | mt_en | sample2 -- skip (already done)
[117/144] shortest-path | mt_en | sample3 -- skip (already done)
[118/144] shortest-path | mt_en | sample4 -- skip (already done)
[119/144] shortest-path | mt_en | sample5 -- skip (already done)
[120/144] shortest-path | mt_en | sample6 -- skip (already done)
[121/144] bank-rollback | en_human | sample1 -- skip (already done)
[122/144] bank-rollback | en_human | sample2 -- skip (already done)
[123/144] bank-rollback | en_human | sample3 -- skip (already done)
[124/144] bank-rollback | en_human | sample4 -- skip (already done)
[125/144] bank-rollback | en_human | sample5 -- skip (already done)
[126/144] bank-rollback | en_human | sample6 -- skip (already done)
[127/144] bank-rollback | ja_raw | sample1 -- skip (already done)
[128/144] bank-rollback | ja_raw | sample2 -- skip (already done)
[129/144] bank-rollback | ja_raw | sample3 -- skip (already done)
[130/144] bank-rollback | ja_raw | sample4 -- skip (already done)
[131/144] bank-rollback | ja_raw | sample5 -- skip (already done)
[132/144] bank-rollback | ja_raw | sample6 -- skip (already done)
[133/144] bank-rollback | ja_directive | sample1 -- skip (already done)
[134/144] bank-rollback | ja_directive | sample2 -- skip (already done)
[135/144] bank-rollback | ja_directive | sample3 -- skip (already done)
[136/144] bank-rollback | ja_directive | sample4 -- skip (already done)
[137/144] bank-rollback | ja_directive | sample5 -- skip (already done)
[138/144] bank-rollback | ja_directive | sample6 -- skip (already done)
[139/144] bank-rollback | mt_en | sample1 -- skip (already done)
[140/144] bank-rollback | mt_en | sample2 -- skip (already done)
[141/144] bank-rollback | mt_en | sample3 -- skip (already done)
[142/144] bank-rollback | mt_en | sample4 -- skip (already done)
[143/144] bank-rollback | mt_en | sample5 -- skip (already done)
[144/144] bank-rollback | mt_en | sample6 -- skip (already done)

--- run complete ---
total slots:            144
skipped (already done): 134
failed:                 1
failed runs:
  [86/144] eval-expression | ja_directive | sample2
